16  9  5  4
16  17  5  4
16  47  5  4
16  98  5  4
7  61  5  4
61  7  5  4
30  20  5  4
30  32  5  4
30  42  5  4
30  84  5  4
86  31  5  4
86  44  5  4
86  77  5  4
61  6  6  4
61  56  6  4
95  99  6  5
99  95  6  5
29  5  6  5
29  21  6  5
29  25  6  5
3  59  6  5
59  3  6  5
88  10  6  5
88  18  6  5
88  27  6  5
88  68  6  5
98  9  6  5
98  17  6  5
98  47  6  5
87  14  6  5
87  45  6  5
87  50  6  5
36  70  6  5
70  36  6  5
44  31  6  5
44  77  6  5
80  58  6  5
80  91  6  5
79  52  6  5
79  83  6  5
61  16  7  4
61  48  7  4
61  51  7  4
22  8  7  6
22  81  7  6
2  57  7  6
57  2  7  6
86  15  7  5
86  34  7  5
35  78  7  6
78  35  7  6
98  54  7  5
98  75  7  5
50  14  7  6
50  45  7  6
37  93  7  6
93  37  7  6
58  91  7  6
91  58  7  6
49  0  7  6
49  73  7  6
1  96  7  6
96  1  7  6
6  56  7  6
56  6  7  6
71  62  7  6
71  89  7  6
19  94  7  6
94  19  7  6
41  90  7  6
90  41  7  6
25  5  7  6
25  21  7  6
38  53  7  6
38  69  7  6
47  9  7  6
47  17  7  6
87  7  7  5
7  87  7  5
72  4  7  6
72  40  7  6
72  66  7  6
23  74  7  6
23  97  7  6
36  13  7  5
36  26  7  5
36  39  7  5
33  28  7  6
33  76  7  6
52  83  7  6
83  52  7  6
57  99  8  5
57  8  8  5
57  81  8  5
15  34  8  7
34  15  8  7
29  78  8  6
78  29  8  6
54  75  8  7
75  54  8  7
0  73  8  7
73  0  8  7
90  5  8  4
90  21  8  4
90  53  8  4
90  69  8  4
90  3  8  4
90  18  8  4
90  68  8  4
12  63  8  7
63  12  8  7
32  42  8  7
42  32  8  7
60  67  8  7
67  60  8  7
98  14  8  5
98  45  8  5
65  46  8  7
65  55  8  7
65  82  8  7
91  49  8  6
49  91  8  6
96  56  8  5
56  96  8  5
30  19  8  6
19  30  8  6
24  85  8  7
85  24  8  7
11  92  8  7
92  11  8  7
25  38  8  6
38  25  8  6
10  27  8  7
27  10  8  7
9  17  8  7
17  9  8  7
43  64  8  7
64  43  8  7
4  40  8  7
4  66  8  7
74  97  8  7
97  74  8  7
44  13  8  5
44  26  8  5
44  39  8  5
28  76  8  7
76  28  8  7
8  81  9  8
81  8  9  8
20  84  9  8
84  20  9  8
31  77  9  8
77  31  9  8
1  6  9  6
6  1  9  6
62  89  9  8
89  62  9  8
5  21  9  8
21  5  9  8
53  69  9  8
69  53  9  8
18  68  9  8
68  18  9  8
63  42  9  6
42  63  9  6
83  60  9  7
60  83  9  7
22  2  9  6
2  22  9  6
82  46  9  8
82  55  9  8
95  71  9  7
71  95  9  7
61  57  9  5
57  61  9  5
54  50  9  6
50  54  9  6
37  70  9  7
70  37  9  7
47  7  9  6
7  47  9  6
12  72  9  7
72  12  9  7
32  23  9  7
23  32  9  7
80  33  9  7
33  80  9  7
16  48  9  7
16  51  9  7
86  35  9  5
35  86  9  5
92  85  9  6
92  41  9  6
76  52  9  6
52  76  9  6
99  8  10  8
8  99  10  8
15  29  10  6
29  15  10  6
31  0  10  6
0  31  10  6
3  68  10  8
68  3  10  8
96  71  10  6
71  96  10  6
13  26  10  9
13  39  10  9
58  73  10  8
73  58  10  8
47  72  10  6
47  32  10  6
33  67  10  7
67  33  10  7
48  51  10  9
51  48  10  9
44  52  10  6
52  44  10  6
89  94  10  7
94  89  10  7
21  69  10  8
69  21  10  8
42  36  10  5
42  83  10  5
98  46  10  6
98  55  10  6
95  30  10  7
30  95  10  7
38  10  10  7
10  38  10  7
97  40  10  7
97  66  10  7
78  59  10  7
78  88  10  7
12  23  10  7
23  12  10  7
65  14  10  6
65  45  10  6
91  79  10  7
79  91  10  7
56  19  10  6
19  56  10  6
25  27  10  7
27  25  10  7
4  74  10  7
74  4  10  7
8  29  11  6
29  8  11  6
31  75  11  6
31  20  11  6
3  1  11  6
3  62  11  6
24  11  11  8
11  24  11  8
28  26  11  7
28  39  11  7
92  44  11  5
44  92  11  5
69  18  11  8
18  69  11  8
59  88  11  9
88  59  11  9
14  45  11  10
45  14  11  10
56  25  11  6
25  56  11  6
5  53  11  9
53  5  11  9
93  49  11  7
49  93  11  7
70  73  11  7
73  70  11  7
72  32  11  8
32  72  11  8
51  35  11  6
35  51  11  6
21  6  11  6
21  89  11  6
97  17  11  7
97  43  11  7
97  87  11  7
57  78  11  6
78  57  11  6
50  37  11  6
37  50  11  6
27  85  11  7
27  41  11  7
75  20  12  8
20  75  12  8
28  71  12  6
28  11  12  6
58  47  12  5
58  33  12  5
95  38  12  7
38  95  12  7
34  88  12  8
88  34  12  8
53  99  12  5
53  15  12  5
53  0  12  5
82  93  12  7
93  82  12  7
54  73  12  7
73  54  12  7
51  52  12  5
52  51  12  5
6  89  12  8
89  6  12  8
87  17  12  9
87  43  12  9
85  41  12  10
41  85  12  10
29  31  12  6
31  29  12  6
63  60  12  7
60  63  12  7
26  39  12  11
39  26  12  11
90  7  12  6
90  12  12  6
14  56  12  5
14  9  12  5
14  64  12  5
14  74  12  5
14  76  12  5
5  68  12  9
68  5  12  9
72  67  12  7
67  72  12  7
65  91  12  7
91  65  12  7
27  4  12  6
4  27  12  6
58  92  13  5
92  58  13  5
34  94  13  4
34  69  13  4
34  95  13  4
96  13  13  7
13  96  13  7
51  73  13  5
51  32  13  5
17  43  13  11
43  17  13  11
3  60  13  7
60  3  13  7
68  49  13  5
49  68  13  5
67  35  13  5
35  67  13  5
84  77  13  8
77  84  13  8
78  37  13  7
37  78  13  7
38  40  13  7
38  66  13  7
25  45  13  6
25  79  13  6
99  15  13  8
15  99  13  8
57  50  13  7
50  57  13  7
24  39  13  7
39  24  13  7
48  44  13  6
44  48  13  6
36  83  13  9
83  36  13  9
46  55  13  12
55  46  13  12
9  64  13  11
64  9  13  11
61  70  13  7
70  61  13  7
21  42  13  7
42  21  13  7
91  4  13  6
4  91  13  6
58  34  14  4
34  58  14  4
96  51  14  5
51  96  14  5
89  17  14  6
17  89  14  6
16  86  14  9
86  16  14  9
14  59  14  6
14  90  14  6
37  81  14  5
37  84  14  5
88  25  14  6
25  88  14  6
54  52  14  6
52  54  14  6
50  6  14  5
50  98  14  5
50  87  14  5
24  48  14  5
48  24  14  5
18  36  14  8
36  18  14  8
56  9  14  8
9  56  14  8
42  4  14  5
4  42  14  5
20  28  14  6
28  20  14  6
94  69  14  9
69  94  14  9
2  93  14  8
93  2  14  8
31  3  14  7
3  31  14  7
65  27  14  7
27  65  14  7
71  11  14  9
11  71  14  9
47  33  14  9
33  47  14  9
40  66  14  13
66  40  14  13
57  19  14  6
57  41  14  6
29  63  14  7
63  29  14  7
22  55  14  8
55  22  14  8
7  12  14  10
12  7  14  10
64  74  14  10
74  64  14  10
61  72  14  7
72  61  14  7
91  21  14  5
91  30  14  5
91  10  14  5
91  97  14  5
17  16  15  6
16  17  15  6
60  59  15  5
60  90  15  5
49  35  15  6
35  49  15  6
1  62  15  11
62  1  15  11
54  6  15  5
54  98  15  5
54  87  15  5
18  46  15  7
46  18  15  7
20  69  15  5
20  95  15  5
93  13  15  8
13  93  15  8
31  26  15  7
26  31  15  7
71  8  15  7
71  75  15  7
40  45  15  6
40  79  15  6
19  41  15  10
41  19  15  10
29  44  15  6
44  29  15  6
64  76  15  10
76  64  15  10
72  91  15  5
91  72  15  5
86  85  15  8
85  86  15  8
38  25  15  6
25  38  15  6
15  0  15  9
0  15  15  9
36  9  15  6
9  36  15  6
28  92  15  6
92  28  15  6
23  80  15  10
80  23  15  10
68  67  15  6
67  68  15  6
11  47  15  6
47  11  15  6
63  39  15  7
39  63  15  7
83  55  15  7
55  83  15  7
12  74  15  7
74  12  15  7
5  61  15  6
61  5  15  6
30  10  15  10
10  30  15  10
58  17  16  5
17  58  16  5
49  59  16  5
49  90  16  5
1  88  16  6
88  1  16  6
24  18  16  6
24  56  16  6
20  13  16  5
13  20  16  5
40  8  16  6
40  75  16  6
40  33  16  6
72  44  16  5
72  7  16  5
72  64  16  5
34  96  16  5
34  85  16  5
25  15  16  5
15  25  16  5
80  53  16  6
80  2  16  6
77  78  16  7
77  65  16  7
55  12  16  7
12  55  16  7
21  10  16  8
21  97  16  8
35  37  16  6
37  35  16  6
62  54  16  5
54  62  16  5
70  4  16  6
4  70  16  6
73  32  16  9
32  73  16  9
26  27  16  5
27  26  16  5
45  79  16  11
79  45  16  11
41  99  16  6
41  82  16  6
22  76  16  7
76  22  16  7
81  84  16  10
84  81  16  10
0  52  16  7
52  0  16  7
48  9  16  6
9  48  16  6
43  23  16  7
23  43  16  7
57  11  16  5
57  66  16  5
83  74  16  7
74  83  16  7
59  90  17  10
90  59  17  10
18  56  17  8
56  18  17  8
13  40  17  4
13  72  17  4
61  21  17  7
21  61  17  7
51  16  17  7
16  51  17  7
60  35  17  6
35  60  17  6
71  45  17  7
45  71  17  7
29  22  17  7
22  29  17  7
89  86  17  8
86  89  17  8
52  48  17  5
52  42  17  5
92  94  17  7
94  92  17  7
57  83  17  5
83  57  17  5
98  87  17  10
87  98  17  10
19  8  17  6
19  75  17  6
19  33  17  6
7  64  17  9
64  7  17  9
96  85  17  7
85  96  17  7
53  2  17  9
2  53  17  9
78  65  17  9
65  78  17  9
14  81  17  6
81  14  17  6
23  3  17  5
23  68  17  5
63  74  17  7
74  63  17  7
5  30  17  7
30  5  17  7
17  90  18  6
90  17  18  6
28  80  18  7
80  28  18  7
39  55  18  8
55  39  18  8
73  26  18  6
26  73  18  6
52  86  18  5
52  84  18  5
94  83  18  5
83  94  18  5
24  1  18  6
24  87  18  6
44  64  18  8
64  44  18  8
15  36  18  6
36  15  18  6
99  82  18  10
82  99  18  10
0  50  18  8
50  0  18  8
3  68  18  7
68  3  18  7
11  66  18  8
66  11  18  8
63  5  18  7
5  63  18  7
88  18  18  6
18  88  18  6
16  60  18  6
60  16  18  6
29  91  18  7
91  29  18  7
57  92  18  5
57  43  18  5
8  75  18  12
75  8  18  12
54  70  18  6
70  54  18  6
14  23  18  4
14  74  18  4
14  30  18  4
40  72  19  7
72  40  19  7
47  39  19  7
39  47  19  7
51  35  19  7
35  51  19  7
86  84  19  7
84  86  19  7
24  58  19  6
24  49  19  6
20  31  19  7
31  20  19  7
15  12  19  5
15  10  19  5
15  97  19  5
27  93  19  7
27  32  19  7
81  50  19  6
50  81  19  6
11  5  19  7
5  11  19  7
46  4  19  8
4  46  19  8
57  89  19  5
57  48  19  5
57  42  19  5
2  78  19  7
78  2  19  7
54  14  19  4
14  54  19  4
28  77  19  7
77  28  19  7
1  87  19  8
87  1  19  8
19  64  19  7
64  19  19  7
85  36  19  6
36  85  19  6
67  65  19  9
65  67  19  9
79  99  19  8
99  79  19  8
3  66  19  6
3  63  19  6
59  88  19  6
88  59  19  6
6  98  19  11
98  6  19  11
69  95  19  11
95  69  19  11
23  74  19  6
23  30  19  6
80  39  20  7
39  80  20  7
86  94  20  6
94  86  20  6
24  31  20  6
31  24  20  6
27  82  20  7
82  27  20  7
62  4  20  8
4  62  20  8
96  2  20  6
2  96  20  6
87  64  20  6
64  87  20  6
37  70  20  7
70  37  20  7
34  25  20  7
25  34  20  7
58  49  20  8
49  58  20  8
20  44  20  7
44  20  20  7
68  11  20  7
11  68  20  7
48  42  20  9
42  48  20  9
90  56  20  7
56  90  20  7
52  83  20  6
83  52  20  6
9  38  20  8
9  0  20  8
59  13  20  6
13  59  20  6
92  43  20  9
43  92  20  9
98  75  20  6
75  98  20  6
95  74  20  5
95  30  20  5
39  17  21  6
39  72  21  6
10  97  21  15
97  10  21  15
81  5  21  7
5  81  21  7
60  62  21  8
62  60  21  8
55  21  21  10
21  55  21  10
99  76  21  9
76  99  21  9
70  69  21  7
69  70  21  7
58  44  21  7
44  58  21  7
89  42  21  8
42  89  21  8
73  83  21  6
83  73  21  6
36  65  21  7
65  36  21  7
59  61  21  6
61  59  21  6
16  91  21  7
91  16  21  7
45  41  21  10
41  45  21  10
71  29  21  9
29  71  21  9
8  33  21  12
33  8  21  12
64  85  21  6
64  53  21  6
64  67  21  6
6  37  21  5
37  6  21  5
93  32  21  12
32  93  21  12
46  48  21  6
48  46  21  6
56  28  21  6
28  56  21  6
66  63  21  9
63  66  21  9
39  97  22  5
39  81  22  5
88  70  22  5
70  88  22  5
78  14  22  6
14  78  22  6
79  38  22  7
79  0  22  7
16  43  22  7
43  16  22  7
35  41  22  8
41  35  22  8
53  67  22  10
67  53  22  10
25  47  22  8
47  25  22  8
49  20  22  8
20  49  22  8
56  52  22  6
52  56  22  6
74  30  22  11
30  74  22  11
12  10  22  11
10  12  22  11
76  3  22  7
3  76  22  7
69  23  22  7
23  69  22  7
51  84  22  7
84  51  22  7
50  68  22  8
68  50  22  8
90  83  22  6
83  90  22  6
59  91  22  6
91  59  22  6
45  22  22  10
22  45  22  10
29  57  22  7
57  29  22  7
64  6  22  4
6  64  22  4
32  11  22  7
11  32  22  7
9  66  22  8
66  9  22  8
13  92  22  6
92  13  22  6
39  62  23  5
62  39  23  5
99  77  23  6
99  55  23  6
40  34  23  8
34  40  23  8
38  0  23  12
0  38  23  12
61  16  23  7
16  61  23  7
20  15  23  8
15  20  23  8
1  19  23  9
19  1  23  9
24  10  23  8
10  24  23  8
18  60  23  7
60  18  23  7
21  76  23  6
76  21  23  6
51  68  23  6
68  51  23  6
90  65  23  6
65  90  23  6
75  95  23  7
95  75  23  7
33  7  23  11
7  33  23  11
32  48  23  5
48  32  23  5
97  81  23  7
81  97  23  7
36  79  23  7
79  36  23  7
47  49  23  6
49  47  23  6
17  72  23  9
72  17  23  9
84  44  23  6
84  50  23  6
26  22  23  10
22  26  23  10
31  27  23  7
27  31  23  7
92  28  23  5
92  9  23  5
77  55  24  11
55  77  24  11
40  58  24  7
58  40  24  7
85  53  24  10
53  85  24  10
15  93  24  8
93  15  24  8
19  63  24  8
63  19  24  8
82  5  24  9
5  82  24  9
65  75  24  6
75  65  24  6
42  14  24  7
14  42  24  7
36  43  24  6
43  36  24  6
41  67  24  5
41  37  24  5
72  86  24  8
86  72  24  8
26  27  24  7
27  26  24  7
35  4  24  6
35  71  24  6
35  8  24  6
25  20  24  7
20  25  24  7
52  1  24  7
1  52  24  7
24  18  24  6
18  24  24  6
80  45  24  8
45  80  24  8
81  88  24  5
88  81  24  5
17  12  24  7
12  17  24  7
87  3  24  8
3  87  24  8
40  39  25  5
40  55  25  5
15  19  25  6
19  15  25  6
60  10  25  7
60  5  25  7
7  2  25  10
2  7  25  10
83  59  25  7
59  83  25  7
38  61  25  7
61  38  25  7
20  1  25  6
1  20  25  6
21  23  25  7
23  21  25  7
49  81  25  4
49  79  25  4
17  87  25  6
87  17  25  6
22  94  25  10
94  22  25  10
77  70  25  7
70  77  25  7
73  0  25  8
0  73  25  8
93  63  25  6
63  93  25  6
82  76  25  6
76  82  25  6
67  37  25  7
37  67  25  7
47  46  25  7
46  47  25  7
98  74  25  9
74  98  25  9
26  57  25  7
57  26  25  7
62  99  25  6
99  62  25  6
4  71  25  11
71  4  25  11
91  95  25  8
95  91  25  8
80  29  25  7
80  33  25  7
48  66  25  6
48  13  25  6
96  54  25  9
54  96  25  9
3  69  25  7
69  3  25  7
28  9  25  8
9  28  25  8
42  36  26  7
36  42  26  7
84  59  26  7
59  84  26  7
35  1  26  6
1  35  26  6
81  79  26  6
79  81  26  6
87  94  26  5
94  87  26  5
58  0  26  7
0  58  26  7
14  43  26  7
43  14  26  7
72  26  26  5
72  92  26  5
90  91  26  8
91  90  26  8
29  33  26  9
33  29  26  9
66  13  26  8
13  66  26  8
12  54  26  8
54  12  26  8
60  65  26  6
65  60  26  6
38  20  26  5
20  38  26  5
24  23  26  7
23  24  26  7
89  44  26  8
89  50  26  8
22  31  26  9
31  22  26  9
51  75  26  7
75  51  26  7
57  37  26  4
57  47  26  4
57  98  26  4
99  71  26  5
99  25  26  5
99  52  26  5
99  30  26  5
11  9  26  7
9  11  26  7
79  87  27  5
87  79  27  5
14  67  27  6
14  46  27  6
14  56  27  6
14  74  27  6
34  78  27  9
78  34  27  9
68  90  27  8
90  68  27  8
33  13  27  7
13  33  27  7
28  54  27  6
28  69  27  6
86  83  27  7
83  86  27  7
45  64  27  8
64  45  27  8
53  93  27  7
93  53  27  7
47  98  27  8
98  47  27  8
52  30  27  9
30  52  27  9
85  19  27  7
19  85  27  7
97  36  27  7
36  97  27  7
77  58  27  7
58  77  27  7
91  29  27  6
91  66  27  6
40  15  27  6
15  40  27  6
7  32  27  7
32  7  27  7
20  23  27  5
23  20  27  5
88  9  27  5
9  88  27  5
2  10  28  7
2  5  28  7
56  74  28  10
74  56  28  10
90  33  28  7
33  90  28  7
86  27  28  7
86  6  28  7
38  45  28  6
45  38  28  6
93  98  28  5
98  93  28  5
96  3  28  9
3  96  28  9
39  55  28  9
55  39  28  9
58  63  28  7
63  58  28  7
29  66  28  8
66  29  28  8
17  44  28  8
17  50  28  8
73  16  28  10
16  73  28  10
99  88  28  5
88  99  28  5
61  35  28  7
35  61  28  7
24  64  28  7
64  24  28  7
53  82  28  6
53  75  28  6
25  52  28  9
52  25  28  9
95  80  28  7
95  48  28  7
85  97  28  5
85  59  28  5
43  26  28  6
43  92  28  6
91  4  28  6
91  8  28  6
65  7  28  7
7  65  28  7
46  74  29  10
74  46  29  10
86  38  29  5
38  86  29  5
30  96  29  6
96  30  29  6
1  81  29  6
1  94  29  6
58  29  29  5
29  58  29  5
70  73  29  9
73  70  29  9
61  79  29  6
79  61  29  6
14  72  29  7
72  14  29  7
62  34  29  9
34  62  29  9
18  68  29  9
68  18  29  9
80  48  29  9
48  80  29  9
85  43  29  4
85  4  29  4
85  8  29  4
10  5  29  13
5  10  29  13
56  90  29  5
56  28  29  5
27  6  29  10
6  27  29  10
55  19  29  8
19  55  29  8
36  41  29  8
41  36  29  8
20  44  29  6
20  50  29  6
20  31  29  6
16  51  29  7
51  16  29  7
60  83  29  6
83  60  29  6
89  22  29  8
22  89  29  8
71  52  29  9
52  71  29  9
97  59  29  7
59  97  29  7
91  12  29  6
12  91  29  6
23  40  29  5
23  65  29  5
2  74  30  5
74  2  30  5
39  1  30  6
1  39  30  6
73  57  30  7
57  73  30  7
68  13  30  9
13  68  30  9
27  45  30  6
45  27  30  6
3  11  30  9
11  3  30  9
16  88  30  6
88  16  30  6
83  89  30  6
89  83  30  6
77  76  30  8
76  77  30  8
98  30  30  6
30  98  30  6
79  72  30  5
79  62  30  5
79  18  30  5
25  80  30  8
80  25  30  8
4  8  30  13
8  4  30  13
5  87  30  6
87  5  30  6
90  28  30  7
28  90  30  7
19  41  30  7
41  19  30  7
63  66  30  6
66  63  30  6
15  32  30  8
32  15  30  8
35  21  30  8
21  35  30  8
71  95  30  8
95  71  30  8
26  92  30  10
92  26  30  10
74  39  31  4
74  17  31  4
74  73  31  4
85  61  31  4
85  13  31  4
56  10  31  6
56  42  31  6
56  84  31  6
55  36  31  8
36  55  31  8
76  91  31  7
91  76  31  7
70  99  31  7
99  70  31  7
64  25  31  6
25  64  31  6
5  90  31  6
90  5  31  6
49  22  31  9
22  49  31  9
82  75  31  11
75  82  31  11
59  26  31  6
59  12  31  6
40  65  31  9
65  40  31  9
86  96  31  6
96  86  31  6
1  29  31  6
29  1  31  6
34  68  31  9
68  34  31  9
54  69  31  12
69  54  31  12
20  88  31  6
88  20  31  6
83  77  31  4
77  83  31  4
78  33  31  9
33  78  31  9
41  66  31  6
66  41  31  6
37  47  31  11
47  37  31  11
93  11  32  8
11  93  32  8
76  89  32  5
76  52  32  5
43  8  32  8
8  43  32  8
19  63  32  7
63  19  32  7
44  50  32  16
50  44  32  16
24  22  32  9
22  24  32  9
59  40  32  6
40  59  32  6
96  1  32  5
1  96  32  5
48  68  32  6
48  69  32  6
88  45  32  5
88  3  32  5
53  80  32  8
80  53  32  8
47  92  32  5
92  47  32  5
97  91  32  7
91  97  32  7
58  81  32  7
58  94  32  7
60  49  32  8
49  60  32  8
2  86  32  6
86  2  32  6
29  57  32  6
57  29  32  6
34  54  32  9
54  34  32  9
20  77  32  4
77  20  32  4
78  30  32  6
30  78  32  6
62  18  32  10
18  62  32  10
37  95  32  8
95  37  32  8
17  73  33  8
73  17  33  8
59  24  33  6
59  75  33  6
59  71  33  6
1  48  33  5
48  1  33  5
45  3  33  8
3  45  33  8
53  47  33  4
47  53  33  4
74  61  33  5
74  13  33  5
60  82  33  8
82  60  33  8
86  57  33  6
57  86  33  6
78  72  33  5
78  18  33  5
21  37  33  7
37  21  33  7
27  11  33  8
11  27  33  8
89  52  33  8
52  89  33  8
90  6  33  7
6  90  33  7
15  50  33  9
50  15  33  9
22  40  33  6
40  22  33  6
68  69  33  10
69  68  33  10
33  80  33  5
80  33  33  5
32  51  33  8
51  32  33  8
42  84  33  11
84  42  33  11
58  70  33  7
70  58  33  7
14  34  33  9
34  14  33  9
62  4  33  6
4  62  33  6
85  39  34  6
85  73  34  6
79  25  34  8
25  79  34  8
44  31  34  13
31  44  34  13
1  3  34  5
1  83  34  5
61  13  34  9
13  61  34  9
82  26  34  7
82  12  34  7
11  52  34  6
52  11  34  6
8  7  34  8
7  8  34  8
19  15  34  8
15  19  34  8
84  91  34  6
84  23  34  6
65  9  34  9
9  65  34  9
4  2  34  4
4  29  34  4
4  34  34  4
4  20  34  4
93  36  34  7
93  16  34  7
67  46  34  14
46  67  34  14
48  45  34  5
45  48  34  5
74  97  34  5
97  74  34  5
38  98  34  9
98  38  34  9
57  72  34  4
57  18  34  4
57  37  34  4
56  27  34  8
27  56  34  8
6  50  34  7
50  6  34  7
51  92  34  6
92  51  34  6
10  42  34  11
42  10  34  11
30  62  34  6
62  30  34  6
39  73  35  9
73  39  35  9
24  75  35  10
24  71  35  10
26  12  35  11
12  26  35  11
86  54  35  7
54  86  35  7
90  19  35  8
19  90  35  8
87  28  35  10
28  87  35  10
49  9  35  8
9  49  35  8
36  16  35  9
16  36  35  9
81  94  35  13
94  81  35  13
35  60  35  9
60  35  35  9
88  96  35  6
88  69  35  6
14  30  35  5
30  14  35  5
63  44  35  9
44  63  35  9
3  83  35  7
83  3  35  7
61  82  35  5
82  61  35  5
8  15  35  6
15  8  35  6
66  32  35  9
32  66  35  9
91  23  35  9
23  91  35  9
58  65  35  6
65  58  35  6
34  2  35  7
34  29  35  7
93  76  35  7
76  93  35  7
59  0  35  6
59  67  35  6
48  47  35  5
47  48  35  5
97  98  35  5
98  97  35  5
72  18  35  11
18  72  35  11
80  92  35  6
92  80  35  6
42  70  35  5
70  42  35  5
62  41  35  6
62  95  35  6
75  71  36  12
71  75  36  12
1  53  36  6
53  1  36  6
19  22  36  8
22  19  36  8
74  38  36  6
74  94  36  6
74  60  36  6
14  10  36  5
14  55  36  5
25  63  36  7
63  25  36  7
0  67  36  13
67  0  36  13
97  18  36  5
18  97  36  5
27  6  36  6
27  40  36  6
41  95  36  8
95  41  36  8
31  24  36  8
24  31  36  8
13  12  36  6
12  13  36  6
84  9  36  6
9  84  36  6
81  64  36  8
64  81  36  8
5  35  36  8
35  5  36  8
50  56  36  6
50  89  36  6
2  29  36  9
29  2  36  9
47  17  36  5
47  76  36  5
47  59  36  5
72  37  36  7
37  72  36  7
78  21  37  8
21  78  37  8
10  55  37  10
55  10  37  10
33  66  37  8
66  33  37  8
91  58  37  7
58  91  37  7
48  93  37  6
48  67  37  6
70  41  37  6
41  70  37  6
16  81  37  5
16  5  37  5
56  89  37  9
89  56  37  9
2  68  37  5
2  32  37  5
59  17  37  7
59  76  37  7
79  43  37  10
43  79  37  10
54  77  37  8
77  54  37  8
7  19  37  8
19  7  37  8
36  46  37  7
36  99  37  7
88  14  37  5
14  88  37  5
39  24  37  7
24  39  37  7
90  28  37  6
28  90  37  6
9  4  37  6
4  9  37  6
64  35  37  8
35  64  37  8
96  69  37  9
69  96  37  9
44  3  37  6
3  44  37  6
52  15  37  7
15  52  37  7
23  65  37  7
65  23  37  7
29  20  37  8
20  29  37  8
10  21  38  4
10  22  38  4
91  34  38  7
34  91  38  7
18  93  38  6
18  67  38  6
31  13  38  6
31  86  38  6
16  56  38  5
56  16  38  5
42  62  38  7
62  42  38  7
79  1  38  7
1  79  38  7
45  46  38  7
45  99  38  7
38  94  38  11
94  38  38  11
24  12  38  6
12  24  38  6
3  15  38  5
3  65  38  5
3  20  38  5
98  72  38  7
72  98  38  7
53  73  38  7
53  71  38  7
85  25  38  8
25  85  38  8
8  66  38  7
66  8  38  7
17  76  38  9
76  17  38  9
43  75  38  9
75  43  38  9
36  88  38  5
88  36  38  5
63  83  38  7
83  63  38  7
95  6  38  6
95  40  38  6
39  90  38  5
39  9  38  5
64  50  38  5
64  69  38  5
64  30  38  5
44  82  38  6
82  44  38  6
52  23  38  6
52  29  38  6
21  22  39  6
22  21  39  6
41  27  39  7
41  80  39  7
13  86  39  8
86  13  39  8
92  42  39  7
42  92  39  7
11  7  39  9
7  11  39  9
46  99  39  12
99  46  39  12
96  51  39  9
51  96  39  9
15  65  39  7
15  20  39  7
74  55  39  6
55  74  39  6
48  70  39  6
70  48  39  6
17  37  39  7
37  17  39  7
43  54  39  7
54  43  39  7
82  52  39  6
52  82  39  6
16  31  39  5
16  84  39  5
59  62  39  6
62  59  39  6
26  77  39  8
77  26  39  8
94  60  39  10
60  94  39  10
35  57  39  8
57  35  39  8
73  71  39  9
71  73  39  9
66  58  39  7
58  66  39  7
81  5  39  10
5  81  39  10
19  87  39  8
87  19  39  8
50  69  39  8
69  50  39  8
23  29  39  8
29  23  39  8
21  18  40  5
21  41  40  5
13  92  40  5
92  13  40  5
11  49  40  8
49  11  40  8
47  72  40  8
72  47  40  8
53  74  40  6
74  53  40  6
68  32  40  10
32  68  40  10
54  88  40  6
88  54  40  6
83  61  40  8
61  83  40  8
33  34  40  8
34  33  40  8
31  84  40  7
84  31  40  7
79  77  40  8
77  79  40  8
60  14  40  7
14  60  40  7
24  35  40  6
35  24  40  6
3  98  40  6
98  3  40  6
86  56  40  6
56  86  40  6
46  38  40  8
38  46  40  8
28  4  40  8
4  28  40  8
65  20  40  9
20  65  40  9
25  8  40  7
8  25  40  7
39  64  40  6
64  39  40  6
93  67  40  10
67  93  40  10
57  26  40  4
57  45  40  4
57  94  40  4
57  0  40  4
57  97  40  4
85  58  40  7
58  85  40  7
5  89  40  7
89  5  40  7
75  19  40  7
19  75  40  7
90  9  40  8
9  90  40  8
69  30  40  8
30  69  40  8
21  92  41  5
92  21  41  5
11  99  41  7
99  11  41  7
32  74  41  5
32  48  41  5
84  2  41  6
84  59  41  6
79  60  41  7
60  79  41  7
35  98  41  6
98  35  41  6
12  4  41  8
4  12  41  8
25  70  41  7
70  25  41  7
43  64  41  5
64  43  41  5
16  62  41  6
62  16  41  6
19  36  41  7
36  19  41  7
90  69  41  7
69  90  41  7
18  41  41  8
41  18  41  8
1  49  41  8
49  1  41  8
52  54  41  5
52  61  41  5
52  95  41  5
81  76  41  6
76  81  41  6
87  50  41  5
87  44  41  5
87  29  41  5
56  42  41  6
42  56  41  6
28  20  41  6
20  28  41  6
55  8  41  6
8  55  41  6
45  94  41  9
94  45  41  9
0  97  41  9
97  0  41  9
63  6  41  7
63  40  41  7
9  30  41  7
30  9  41  7
21  99  42  5
21  72  42  5
88  83  42  7
83  88  42  7
2  59  42  8
59  2  42  8
60  35  42  6
35  60  42  6
4  96  42  8
96  4  42  8
93  62  42  6
62  93  42  6
90  23  42  7
23  90  42  7
15  47  42  8
47  15  42  8
73  78  42  10
78  73  42  10
46  20  42  6
20  46  42  6
9  6  42  6
9  40  42  6
74  48  42  7
48  74  42  7
84  79  42  5
84  98  42  5
86  12  42  5
12  86  42  5
25  17  42  6
17  25  42  6
71  58  42  7
58  71  42  7
49  18  42  5
49  13  42  5
53  68  42  6
53  37  42  6
54  61  42  7
54  95  42  7
77  14  42  8
14  77  42  8
44  29  42  9
29  44  42  9
27  80  42  11
80  27  42  11
55  39  42  5
55  82  42  5
94  0  42  7
0  94  42  7
85  89  42  6
89  85  42  6
30  75  42  6
30  63  42  6
99  72  43  7
72  99  43  7
10  33  43  8
33  10  43  8
93  57  43  6
57  93  43  6
47  73  43  4
73  47  43  4
9  56  43  4
9  20  43  4
48  92  43  5
48  11  43  5
79  98  43  7
98  79  43  7
25  43  43  6
43  25  43  6
19  69  43  7
69  19  43  7
68  37  43  9
37  68  43  9
14  34  43  6
14  31  43  6
42  22  43  7
42  27  43  7
32  88  43  6
88  32  43  6
59  35  43  6
35  59  43  6
70  64  43  6
64  70  43  6
36  90  43  7
90  36  43  7
41  1  43  6
41  51  43  6
41  15  43  6
78  66  43  8
66  78  43  8
46  8  43  5
8  46  43  5
74  84  43  4
84  74  43  4
71  86  43  4
71  17  43  4
18  13  43  7
13  18  43  7
81  29  43  6
29  81  43  6
91  80  43  9
80  91  43  9
67  94  43  6
94  67  43  6
99  83  44  6
83  99  44  6
56  20  44  7
20  56  44  7
12  43  44  6
43  12  44  6
14  50  44  6
14  44  44  6
42  28  44  7
28  42  44  7
89  75  44  7
89  63  44  7
88  59  44  5
59  88  44  5
7  38  44  10
38  7  44  10
62  36  44  6
36  62  44  6
41  52  44  6
52  41  44  6
24  3  44  9
3  24  44  9
6  40  44  16
40  6  44  16
84  71  44  4
71  84  44  4
18  53  44  6
18  54  44  6
33  2  44  8
2  33  44  8
69  58  44  7
69  5  44  7
49  68  44  6
68  49  44  6
55  22  44  6
55  27  44  6
21  32  44  6
32  21  44  6
70  90  44  5
90  70  44  5
51  15  44  9
15  51  44  9
46  26  44  5
46  45  44  5
46  97  44  5
13  81  44  5
81  13  44  5
80  39  44  6
80  82  44  6
94  85  44  6
94  30  44  6
47  20  45  5
20  47  45  5
92  11  45  8
11  92  45  8
88  7  45  5
88  64  45  5
88  62  45  5
6  41  45  5
6  24  45  5
2  60  45  8
60  2  45  8
73  9  45  5
9  73  45  5
25  58  45  6
25  5  45  6
22  27  45  10
27  22  45  10
32  35  45  6
35  32  45  6
74  86  45  5
74  17  45  5
39  82  45  10
82  39  45  10
56  83  45  4
56  10  45  4
56  4  45  4
56  57  45  4
14  37  45  6
14  61  45  6
14  95  45  6
38  96  45  9
38  65  45  9
91  67  45  6
67  91  45  6
33  93  45  5
33  23  45  5
48  98  45  6
98  48  45  6
21  70  45  5
70  21  45  5
1  51  45  9
51  1  45  9
50  44  46  11
44  50  46  11
7  64  46  8
64  7  46  8
71  77  46  5
71  29  46  5
35  15  46  5
35  46  46  5
13  82  46  6
82  13  46  6
43  19  46  7
19  43  46  7
61  95  46  12
95  61  46  12
34  31  46  10
31  34  46  10
97  26  46  11
97  45  46  11
41  24  46  7
24  41  46  7
72  60  46  7
60  72  46  7
25  68  46  5
25  22  46  5
32  90  46  6
90  32  46  6
75  63  46  11
63  75  46  11
96  65  46  11
65  96  46  11
52  3  46  7
52  66  46  7
52  87  46  7
8  40  46  7
40  8  46  7
18  91  46  6
91  18  46  6
16  69  46  8
69  16  46  8
78  76  46  10
76  78  46  10
7  62  47  8
62  7  47  8
77  29  47  9
29  77  47  9
37  61  47  10
61  37  47  10
93  23  47  9
23  93  47  9
80  85  47  8
80  30  47  8
88  41  47  6
41  88  47  6
32  86  47  5
32  17  47  5
32  39  47  5
32  94  47  5
4  57  47  8
57  4  47  8
28  75  47  8
75  28  47  8
66  87  47  10
87  66  47  10
92  79  47  8
79  92  47  8
64  6  47  6
6  64  47  6
15  46  47  7
46  15  47  7
74  82  47  6
82  74  47  6
19  95  47  6
95  19  47  6
38  36  47  8
36  38  47  8
84  67  47  6
67  84  47  6
26  45  47  13
45  26  47  13
53  54  47  10
54  53  47  10
68  22  47  7
22  68  47  7
52  40  47  7
40  52  47  7
69  78  47  4
78  69  47  4
7  29  48  6
29  7  48  6
35  13  48  6
13  35  48  6
56  37  48  6
37  56  48  6
23  81  48  5
23  85  48  5
23  30  48  5
39  94  48  9
94  39  48  9
14  75  48  8
75  14  48  8
87  8  48  8
8  87  48  8
42  89  48  9
89  42  48  9
46  82  48  6
82  46  48  6
19  36  48  5
19  67  48  5
47  11  48  6
11  47  48  6
24  54  48  6
54  24  48  6
52  18  48  6
18  52  48  6
58  5  48  12
5  58  48  12
43  61  48  7
61  43  48  7
49  31  48  9
31  49  48  9
21  51  48  7
21  97  48  7
41  60  48  4
41  25  48  4
41  32  48  4
59  96  48  8
96  59  48  8
3  66  48  10
66  3  48  10
99  20  48  7
20  99  48  7
15  74  48  6
74  15  48  6
38  84  48  6
84  38  48  6
34  55  48  8
55  34  48  8
0  63  48  10
63  0  48  10
65  40  48  7
40  65  48  7
50  7  49  6
7  50  49  6
56  81  49  5
56  85  49  5
56  30  49  5
88  39  49  5
39  88  49  5
89  46  49  5
46  89  49  5
47  24  49  6
24  47  49  6
18  69  49  5
69  18  49  5
48  49  49  8
49  48  49  8
21  80  49  7
80  21  49  7
28  83  49  7
28  10  49  7
28  57  49  7
59  66  49  8
66  59  49  8
84  55  49  5
55  84  49  5
22  90  49  6
90  22  49  6
0  40  49  6
40  0  49  6
29  13  49  5
13  29  49  5
86  17  49  11
17  86  49  11
1  76  49  10
76  1  49  10
82  92  49  5
82  44  49  5
82  42  49  5
82  6  49  5
19  45  49  5
45  19  49  5
11  54  49  6
54  11  49  6
68  72  49  7
68  73  49  7
58  27  49  8
27  58  49  8
31  51  49  6
31  97  49  6
96  3  49  8
3  96  49  8
64  71  49  7
71  64  49  7
95  38  49  6
38  95  49  6
34  26  49  6
26  34  49  6
63  65  49  6
65  63  49  6
88  7  50  4
88  81  50  4
88  85  50  4
88  30  50  4
24  69  50  5
69  24  50  5
49  21  50  7
21  49  50  7
70  76  50  9
76  70  50  9
82  19  50  5
19  82  50  5
51  97  50  10
97  51  50  10
60  25  50  8
25  60  50  8
71  74  50  6
74  71  50  6
95  26  50  6
26  95  50  6
47  18  50  5
18  47  50  5
83  10  50  11
10  83  50  11
0  53  50  5
0  22  50  5
86  94  50  9
94  86  50  9
4  75  50  8
75  4  50  8
44  42  50  10
42  44  50  10
2  9  50  9
9  2  50  9
96  91  50  8
91  96  50  8
79  12  50  10
12  79  50  10
65  78  50  6
78  65  50  6
5  49  51  6
49  5  51  6
72  73  51  10
73  72  51  10
27  51  51  6
51  27  51  6
74  95  51  6
95  74  51  6
50  35  51  7
35  50  51  7
53  22  51  7
22  53  51  7
37  23  51  7
23  37  51  7
1  4  51  7
1  8  51  7
92  42  51  10
42  92  51  10
62  77  51  9
77  62  51  9
81  85  51  11
81  30  51  11
21  41  51  5
21  28  51  5
21  66  51  5
17  76  51  6
76  17  51  6
60  32  51  8
32  60  51  8
71  26  51  6
26  71  51  6
33  98  51  9
33  16  51  9
36  67  51  9
67  36  51  9
80  93  51  8
80  48  51  8
10  59  51  8
59  10  51  8
55  0  51  5
0  55  51  5
54  68  51  7
68  54  51  7
9  58  51  9
58  9  51  9
64  20  51  8
64  12  51  8
38  34  51  7
34  38  51  7
89  24  52  6
24  89  52  6
52  11  52  7
52  72  52  7
14  87  52  9
87  14  52  9
13  37  52  7
37  13  52  7
94  4  52  7
94  8  52  7
77  31  52  7
31  77  52  7
85  30  52  15
30  85  52  15
84  99  52  7
84  15  52  7
76  60  52  4
76  26  52  4
46  67  52  7
67  46  52  7
55  93  52  5
55  48  52  5
55  10  52  5
44  68  52  6
68  44  52  6
9  96  52  6
96  9  52  6
38  20  52  7
38  12  52  7
25  3  52  7
3  25  52  7
50  18  52  5
18  50  52  5
91  62  52  6
91  2  52  6
28  66  52  9
66  28  52  9
17  82  52  5
82  17  52  5
61  97  52  8
97  61  52  8
71  63  52  6
63  71  52  6
36  98  52  5
36  16  52  5
59  43  52  6
59  80  52  6
54  86  52  5
54  75  52  5
58  64  52  5
58  34  52  5
22  83  53  6
22  57  53  6
37  94  53  7
94  37  53  7
99  15  53  9
15  99  53  9
10  93  53  7
10  48  53  7
96  20  53  6
96  12  53  6
29  70  53  7
70  29  53  7
62  2  53  9
2  62  53  9
79  78  53  7
78  79  53  7
98  16  53  13
16  98  53  13
0  43  53  6
0  80  53  6
52  51  53  5
52  95  53  5
4  8  53  10
8  4  53  10
69  7  53  6
69  85  53  6
21  84  53  6
84  21  53  6
33  46  53  6
33  47  53  6
68  9  53  5
68  38  53  5
68  65  53  5
18  53  53  5
53  18  53  5
23  1  53  7
1  23  53  7
36  59  53  5
59  36  53  5
86  75  53  8
75  86  53  8
11  72  54  10
72  11  54  10
83  57  54  14
57  83  54  14
94  31  54  6
31  94  54  6
93  48  54  12
48  93  54  12
50  2  54  5
50  78  54  5
81  28  54  6
81  90  54  6
81  40  54  6
13  4  54  8
4  13  54  8
7  85  54  9
85  7  54  9
60  26  54  7
26  60  54  7
55  46  54  6
55  47  54  6
53  23  54  5
23  53  54  5
41  66  54  9
66  41  54  9
5  88  54  6
5  89  54  6
87  22  54  6
22  87  54  6
70  42  54  4
70  45  54  4
70  62  54  4
70  79  54  4
98  0  54  6
0  98  54  6
64  34  54  9
34  64  54  9
51  95  54  7
95  51  54  7
35  56  54  9
56  35  54  9
39  14  54  9
14  39  54  9
8  92  54  7
8  6  54  7
69  21  54  6
21  69  54  6
33  68  54  5
68  33  54  5
1  91  54  6
91  1  54  6
61  32  54  8
32  61  54  8
86  58  54  6
58  86  54  6
57  31  55  6
31  57  55  6
99  48  55  5
48  99  55  5
2  78  55  8
78  2  55  8
28  90  55  8
28  40  55  8
16  43  55  7
16  80  55  7
7  84  55  7
84  7  55  7
38  65  55  9
65  38  55  9
5  22  55  5
22  5  55  5
30  15  55  7
15  30  55  7
54  64  55  7
64  54  55  7
24  95  55  6
95  24  55  6
92  6  55  12
6  92  55  12
36  58  55  6
58  36  55  6
93  44  55  6
93  96  55  6
19  73  55  9
73  19  55  9
82  97  55  7
82  71  55  7
52  13  55  5
13  52  55  5
85  26  55  6
26  85  55  6
27  3  55  9
3  27  55  9
88  89  55  8
89  88  55  8
42  45  55  10
45  42  55  10
62  79  55  8
79  62  55  8
35  14  55  9
14  35  55  9
21  68  55  5
68  21  55  5
61  63  55  8
63  61  55  8
78  28  56  5
78  16  56  5
7  60  56  7
60  7  56  7
53  66  56  5
66  53  56  5
15  76  56  7
76  15  56  7
58  18  56  5
58  1  56  5
93  11  56  5
93  83  56  5
93  94  56  5
29  19  56  9
19  29  56  9
25  74  56  9
74  25  56  9
59  75  56  7
75  59  56  7
20  12  56  14
12  20  56  14
51  14  56  6
14  51  56  6
61  86  56  6
86  61  56  6
72  57  56  6
57  72  56  6
84  55  56  6
84  65  56  6
67  10  56  8
10  67  56  8
0  54  56  7
54  0  56  7
95  6  56  6
6  95  56  6
17  32  56  8
32  17  56  8
46  47  56  10
47  46  56  10
49  3  56  7
3  49  56  7
91  63  56  5
63  91  56  5
31  99  57  6
99  31  57  6
5  15  57  6
15  5  57  6
92  77  57  9
77  92  57  9
29  25  57  9
25  29  57  9
89  20  57  6
20  89  57  6
45  79  57  9
79  45  57  9
51  61  57  5
61  51  57  5
90  40  57  12
40  90  57  12
55  65  57  8
65  55  57  8
30  67  57  7
67  30  57  7
70  54  57  6
54  70  57  6
95  32  57  5
95  36  57  5
97  71  57  10
71  97  57  10
42  62  57  9
62  42  57  9
35  8  57  8
8  35  57  8
28  16  57  7
16  28  57  7
76  64  57  5
64  76  57  5
69  33  57  7
33  69  57  7
18  1  57  8
1  18  57  8
52  26  57  6
26  52  57  6
57  48  57  6
48  57  57  6
43  80  57  13
80  43  57  13
13  85  57  6
13  47  57  6
87  37  57  8
37  87  57  8
60  9  58  8
60  38  58  8
24  92  58  8
92  24  58  8
82  29  58  7
82  50  58  7
89  79  58  6
79  89  58  6
4  55  58  7
55  4  58  7
67  70  58  6
70  67  58  6
73  81  58  7
73  97  58  7
8  21  58  7
21  8  58  7
33  1  58  6
1  33  58  6
19  74  58  10
74  19  58  10
27  23  58  8
23  27  58  8
41  75  58  8
75  41  58  8
86  14  58  6
86  68  58  6
44  96  58  10
96  44  58  10
85  47  58  8
47  85  58  8
91  88  58  5
91  37  58  5
56  39  58  12
39  56  58  12
20  45  58  6
45  20  58  6
72  40  58  6
40  72  58  6
30  54  58  6
54  30  58  6
32  36  58  8
36  32  58  8
71  42  58  4
71  35  58  4
98  34  58  9
34  98  58  9
0  22  58  6
0  10  58  6
31  60  59  6
60  31  59  6
5  92  59  6
92  5  59  6
4  70  59  5
70  4  59  5
73  46  59  6
73  3  59  6
64  33  59  6
33  64  59  6
27  75  59  8
75  27  59  8
99  78  59  7
78  99  59  7
39  77  59  10
77  39  59  10
25  59  59  6
59  25  59  6
42  35  59  6
35  42  59  6
69  18  59  7
18  69  59  7
26  34  59  5
34  26  59  5
66  9  59  7
66  38  59  7
24  58  59  7
58  24  59  7
93  29  59  7
93  50  59  7
67  95  59  6
95  67  59  6
81  97  59  10
97  81  59  10
8  63  59  7
63  8  59  7
19  11  59  7
19  83  59  7
19  94  59  7
23  41  59  8
41  23  59  8
14  68  59  8
68  14  59  8
2  80  59  8
80  2  59  8
71  40  59  4
71  30  59  4
71  36  59  4
28  7  59  6
28  53  59  6
12  98  59  7
98  12  59  7
57  43  59  7
43  57  59  7
6  17  59  7
17  6  59  7
82  79  60  6
79  82  60  6
46  3  60  8
3  46  60  8
16  33  60  6
33  16  60  6
59  20  60  6
59  51  60  6
42  72  60  5
42  65  60  5
22  10  60  9
10  22  60  9
66  24  60  6
24  66  60  6
89  61  60  7
61  89  60  7
97  63  60  6
63  97  60  6
88  37  60  10
37  88  60  10
28  12  60  5
12  28  60  5
43  0  60  6
43  6  60  6
52  75  60  8
75  52  60  8
44  85  60  7
85  44  60  7
25  78  60  5
25  39  60  5
54  32  60  7
32  54  60  7
76  18  60  7
18  76  60  7
13  49  60  8
49  13  60  8
9  38  60  13
38  9  60  13
29  50  60  10
50  29  60  10
81  62  60  6
81  8  60  6
83  94  60  11
94  83  60  11
2  96  60  5
2  47  60  5
30  36  60  7
36  30  60  7
7  53  60  8
53  7  60  8
70  46  61  6
46  70  61  6
93  61  61  7
61  93  61  7
19  41  61  8
41  19  61  8
28  43  61  5
43  28  61  5
85  64  61  5
85  75  61  5
29  38  61  6
29  58  61  6
90  55  61  8
55  90  61  8
62  8  61  8
8  62  61  8
11  94  61  11
94  11  61  11
60  5  61  7
5  60  61  7
15  77  61  8
77  15  61  8
20  51  61  8
51  20  61  8
72  65  61  8
65  72  61  8
95  97  61  6
97  95  61  6
48  80  61  9
80  48  61  9
12  0  61  5
12  6  61  5
4  73  61  6
4  21  61  6
54  35  61  6
35  54  61  6
18  26  61  6
26  18  61  6
9  50  61  6
50  9  61  6
83  23  61  8
23  83  61  8
37  1  62  6
37  41  62  6
78  39  62  8
39  78  62  8
38  58  62  8
58  38  62  8
53  98  62  7
98  53  62  7
99  15  62  8
15  99  62  8
66  89  62  7
89  66  62  7
0  6  62  9
6  0  62  9
52  86  62  8
86  52  62  8
18  49  62  6
18  87  62  6
9  81  62  6
81  9  62  6
24  93  62  7
93  24  62  7
64  75  62  7
75  64  62  7
90  67  62  8
67  90  62  8
11  96  62  6
11  47  62  6
60  79  62  7
79  60  62  7
77  51  62  7
51  77  62  7
22  69  62  6
22  34  62  6
95  48  62  5
48  95  62  5
44  91  62  8
91  44  62  8
25  54  62  6
54  25  62  6
50  83  62  5
50  2  62  5
7  57  62  6
7  17  62  6
31  92  63  9
92  31  63  9
55  8  63  8
8  55  63  8
30  53  63  6
53  30  63  6
88  80  63  8
88  84  63  8
35  49  63  6
35  87  63  6
81  23  63  6
23  81  63  6
82  70  63  7
70  82  63  7
19  14  63  9
14  19  63  9
29  67  63  7
67  29  63  7
51  72  63  7
72  51  63  7
91  73  63  6
91  21  63  6
54  26  63  6
26  54  63  6
7  56  63  6
7  45  63  6
46  37  63  4
37  46  63  4
39  32  63  7
32  39  63  7
94  68  63  9
68  94  63  9
66  97  63  7
97  66  63  7
4  86  63  6
86  4  63  6
59  42  63  7
42  59  63  7
93  43  63  5
43  93  63  5
90  62  63  8
62  90  63  8
60  3  63  7
3  60  63  7
44  25  63  5
25  44  63  5
57  17  63  9
17  57  63  9
55  53  64  6
53  55  64  6
80  84  64  11
84  80  64  11
52  35  64  6
35  52  64  6
24  14  64  7
14  24  64  7
64  76  64  6
64  13  64  6
69  34  64  9
34  69  64  9
98  58  64  6
98  94  64  6
40  36  64  10
36  40  64  10
16  74  64  9
16  27  64  9
42  10  64  7
10  42  64  7
48  12  64  6
12  48  64  6
1  41  64  9
41  1  64  9
30  38  64  6
30  8  64  6
15  65  64  8
65  15  64  8
49  87  64  10
87  49  64  10
70  19  64  5
19  70  64  5
79  33  64  7
33  79  64  7
73  21  64  10
21  73  64  10
83  2  64  8
2  83  64  8
99  20  64  9
20  99  64  9
96  47  64  11
47  96  64  11
44  50  64  5
44  57  64  5
80  52  65  5
52  80  65  5
24  64  65  5
64  24  65  5
91  54  65  7
54  91  65  7
58  94  65  8
94  58  65  8
40  4  65  6
40  18  65  6
93  74  65  6
93  27  65  6
93  42  65  6
60  48  65  6
48  60  65  6
25  17  65  6
17  25  65  6
89  88  65  8
88  89  65  8
87  23  65  6
23  87  65  6
70  67  65  5
70  11  65  5
21  83  65  6
83  21  65  6
39  68  65  6
68  39  65  6
35  81  65  6
81  35  65  6
51  34  65  8
34  51  65  8
32  98  65  6
98  32  65  6
9  36  65  7
36  9  65  7
12  16  65  4
12  10  65  4
71  0  65  8
0  71  65  8
2  56  65  7
2  45  65  7
5  20  65  7
20  5  65  7
50  57  65  7
57  50  65  7
61  63  66  10
63  61  66  10
66  6  66  8
6  66  66  8
15  88  66  7
88  15  66  7
76  13  66  10
13  76  66  10
12  46  66  4
12  32  66  4
12  9  66  4
1  28  66  8
28  1  66  8
65  0  66  7
0  65  66  7
73  26  66  8
26  73  66  8
57  62  66  5
57  47  66  5
92  85  66  9
85  92  66  9
91  7  66  7
7  91  66  7
4  18  66  8
18  4  66  8
42  74  66  8
42  27  66  8
70  83  66  5
83  70  66  5
84  35  66  6
35  84  66  6
98  36  66  5
36  98  66  5
16  10  66  8
10  16  66  8
77  22  66  9
22  77  66  9
64  54  67  6
54  64  67  6
48  17  67  7
17  48  67  7
88  23  67  7
23  88  67  7
67  11  67  10
11  67  67  10
99  97  67  8
97  99  67  8
13  29  67  8
29  13  67  8
46  32  67  7
32  46  67  7
0  49  67  7
49  0  67  7
19  26  67  6
26  19  67  6
7  85  67  5
7  53  67  5
94  4  67  6
4  94  67  6
70  89  67  5
70  87  67  5
37  68  67  7
68  37  67  7
34  95  67  8
95  34  67  8
98  16  67  5
16  98  67  5
3  77  67  9
77  3  67  9
58  66  67  6
58  40  67  6
93  75  67  7
93  90  67  7
79  72  67  9
72  79  67  9
76  12  67  4
12  76  67  4
73  56  67  8
73  45  67  8
62  47  67  10
47  62  67  10
69  91  67  7
91  69  67  7
74  27  67  14
27  74  67  14
31  78  67  9
78  31  67  9
33  2  67  7
2  33  67  7
22  50  67  7
50  22  67  7
88  67  68  6
67  88  68  6
39  99  68  7
39  86  68  7
82  14  68  9
14  82  68  9
19  1  68  6
19  30  68  6
19  49  68  6
89  87  68  8
87  89  68  8
77  59  68  7
77  43  68  7
75  90  68  9
90  75  68  9
79  96  68  5
79  44  68  5
28  65  68  7
65  28  68  7
38  8  68  12
8  38  68  12
55  84  68  7
84  55  68  7
33  22  68  5
22  33  68  5
63  52  68  7
52  63  68  7
97  23  68  5
97  11  68  5
29  51  68  7
51  29  68  7
0  26  68  6
26  0  68  6
94  42  68  6
42  94  68  6
3  35  68  4
3  34  68  4
3  16  68  4
58  93  68  6
93  58  68  6
15  72  68  6
15  21  68  6
92  80  68  7
80  92  68  7
83  41  68  6
83  78  68  6
36  10  68  6
10  36  68  6
71  2  68  6
2  71  68  6
5  50  68  6
50  5  68  6
54  48  69  6
48  54  69  6
99  86  69  9
86  99  69  9
81  82  69  7
81  13  69  7
46  9  69  8
9  46  69  8
90  66  69  7
90  40  69  7
28  73  69  7
73  28  69  7
84  22  69  5
22  84  69  5
63  64  69  7
64  63  69  7
7  94  69  6
94  7  69  6
18  27  69  7
27  18  69  7
2  5  69  6
5  2  69  6
1  30  69  9
30  1  69  9
85  53  69  10
53  85  69  10
87  37  69  6
37  87  69  6
61  75  69  6
75  61  69  6
24  91  69  8
91  24  69  8
60  25  69  9
25  60  69  9
55  33  69  5
33  55  69  5
52  97  69  5
97  52  69  5
29  32  69  6
32  29  69  6
70  68  69  6
68  70  69  6
35  34  69  7
34  35  69  7
20  62  69  7
62  20  69  7
41  78  69  9
78  41  69  9
71  50  69  6
50  71  69  6
81  9  70  7
9  81  70  7
76  28  70  6
28  76  70  6
8  84  70  5
84  8  70  5
64  23  70  6
64  11  70  6
51  0  70  6
0  51  70  6
7  3  70  5
3  7  70  5
56  45  70  15
45  56  70  15
53  87  70  6
87  53  70  6
61  65  70  5
61  47  70  5
31  38  70  11
38  31  70  11
32  26  70  6
26  32  70  6
68  34  70  5
68  16  70  5
12  20  70  6
20  12  70  6
50  92  70  5
50  69  70  5
50  41  70  5
54  67  70  6
54  86  70  6
73  66  70  5
73  40  70  5
73  79  70  5
72  21  70  10
21  72  70  10
80  18  70  7
18  80  70  7
10  5  70  6
5  10  70  6
88  39  70  7
39  88  70  7
1  49  70  9
49  1  70  9
85  4  70  7
4  85  70  7
75  96  70  6
75  44  70  6
74  60  70  9
60  74  70  9
97  29  70  5
29  97  70  5
35  42  70  5
35  70  70  5
36  71  70  6
71  36  70  6
48  99  71  7
99  48  71  7
76  84  71  5
84  76  71  5
7  64  71  5
7  0  71  5
59  43  71  12
43  59  71  12
38  55  71  6
55  38  71  6
68  52  71  5
68  32  71  5
41  92  71  7
41  69  71  7
73  22  71  5
22  73  71  5
80  5  71  6
5  80  71  6
95  98  71  8
98  95  71  8
51  23  71  6
51  11  71  6
45  27  71  5
45  83  71  5
45  2  71  5
65  47  71  8
47  65  71  8
91  25  71  8
25  91  71  8
20  50  71  5
50  20  71  5
46  82  71  8
46  13  71  8
66  40  71  11
40  66  71  11
63  6  71  8
63  17  71  8
18  10  71  6
10  18  71  6
42  70  71  7
70  42  71  7
93  15  71  7
15  93  71  7
78  71  71  6
71  78  71  6
48  76  72  5
76  48  72  5
14  30  72  8
30  14  72  8
61  55  72  6
55  61  72  6
68  12  72  5
68  41  72  5
58  72  72  8
72  58  72  8
39  1  72  7
1  39  72  7
85  37  72  8
37  85  72  8
51  3  72  6
3  51  72  6
65  91  72  6
91  65  72  6
82  13  72  12
13  82  72  12
6  17  72  10
17  6  72  10
88  49  72  7
49  88  72  7
96  44  72  11
44  96  72  11
33  24  72  7
33  60  72  7
15  62  72  7
62  15  72  7
64  0  72  7
0  64  72  7
87  59  72  7
59  87  72  7
52  32  72  7
32  52  72  7
80  67  72  4
80  86  72  4
80  89  72  4
80  77  72  4
80  22  72  4
75  74  72  6
74  75  72  6
97  35  72  6
35  97  72  6
2  27  72  7
2  83  72  7
25  31  72  8
31  25  72  8
34  16  72  9
16  34  72  9
7  56  73  6
56  7  73  6
14  55  73  6
55  14  73  6
85  98  73  8
98  85  73  8
65  3  73  4
65  45  73  4
99  81  73  8
81  99  73  8
52  87  73  5
52  38  73  5
89  77  73  8
77  89  73  8
8  90  73  7
8  28  73  7
34  53  73  5
34  25  73  5
29  70  73  7
70  29  73  7
30  43  73  7
43  30  73  7
58  5  73  7
5  58  73  7
1  37  73  7
37  1  73  7
19  57  73  10
57  19  73  10
24  60  73  10
60  24  73  10
62  78  73  7
78  62  73  7
32  92  73  6
32  69  73  6
26  16  73  7
16  26  73  7
40  79  73  9
79  40  73  9
21  18  73  7
18  21  73  7
73  72  74  6
72  73  74  6
54  82  74  9
82  54  74  9
49  4  74  8
4  49  74  8
87  38  74  7
38  87  74  7
67  86  74  11
86  67  74  11
70  9  74  4
70  8  74  4
70  34  74  4
76  30  74  5
30  76  74  5
91  50  74  6
50  91  74  6
19  66  74  7
66  19  74  7
78  88  74  6
78  60  74  6
0  59  74  5
0  32  74  5
23  11  74  12
11  23  74  12
47  31  74  8
31  47  74  8
18  46  74  6
18  79  74  6
3  45  74  7
45  3  74  7
77  22  74  7
22  77  74  7
74  35  74  6
35  74  74  6
27  83  74  10
83  27  74  10
53  25  74  7
25  53  74  7
93  71  74  8
71  93  74  8
43  61  74  7
61  43  74  7
12  41  74  8
41  12  74  8
58  37  74  5
37  58  74  5
17  13  74  6
17  57  74  6
44  24  74  8
24  44  74  8
92  69  74  12
69  92  74  12
16  20  74  7
20  16  74  7
39  98  75  9
98  39  75  9
86  89  75  9
89  86  75  9
9  8  75  8
8  9  75  8
5  1  75  6
1  5  75  6
31  23  75  6
31  2  75  6
55  68  75  7
68  55  75  7
6  10  75  8
10  6  75  8
96  33  75  9
33  96  75  9
90  28  75  10
28  90  75  10
61  41  75  7
41  61  75  7
42  62  75  8
62  42  75  8
20  40  75  5
20  21  75  5
82  4  75  6
82  15  75  6
88  60  75  8
60  88  75  8
59  32  75  7
32  59  75  7
18  11  75  5
18  47  75  5
18  26  75  5
58  43  75  5
58  12  75  5
44  13  75  6
44  57  75  6
54  49  76  7
49  54  76  7
99  87  76  7
87  99  76  7
19  78  76  7
78  19  76  7
0  97  76  6
0  36  76  6
56  68  76  7
68  56  76  7
6  33  76  7
33  6  76  7
64  81  76  8
64  84  76  8
41  37  76  6
37  41  76  6
24  62  76  8
62  24  76  8
95  75  76  9
75  95  76  9
73  4  76  5
73  15  76  5
38  67  76  6
67  38  76  6
47  26  76  8
26  47  76  8
13  57  76  12
57  13  76  12
14  48  76  7
14  7  76  7
9  34  76  7
34  9  76  7
76  1  76  6
1  76  76  6
90  27  76  8
27  90  76  8
65  82  76  6
82  65  76  6
51  91  76  7
91  51  76  7
66  60  76  7
60  66  76  7
29  71  76  9
71  29  76  9
58  44  76  5
44  58  76  5
92  16  76  5
16  92  76  5
49  72  77  6
49  39  77  6
50  19  77  7
19  50  77  7
22  74  77  8
74  22  77  8
67  70  77  6
70  67  77  6
11  47  77  8
47  11  77  8
14  89  77  5
14  9  77  5
46  79  77  10
79  46  77  10
40  21  77  9
21  40  77  9
91  66  77  7
66  91  77  7
63  94  77  11
94  63  77  11
44  92  77  5
92  44  77  5
78  97  77  5
78  36  77  5
81  84  77  10
84  81  77  10
28  93  77  7
93  28  77  7
41  24  77  6
24  41  77  6
73  38  77  5
38  73  77  5
32  26  77  6
26  32  77  6
77  35  77  8
35  77  77  8
57  43  77  6
57  12  77  6
98  48  77  7
98  7  77  7
10  96  77  8
96  10  77  8
90  25  77  8
25  90  77  8
17  42  77  8
42  17  77  8
51  60  77  7
60  51  77  7
83  53  77  8
53  83  77  8
58  16  77  5
16  58  77  5
99  8  78  7
8  99  78  7
5  50  78  7
50  5  78  7
74  3  78  6
74  33  78  6
4  15  78  10
15  4  78  10
89  9  78  7
9  89  78  7
82  66  78  5
66  82  78  5
45  94  78  6
94  45  78  6
87  86  78  8
86  87  78  8
41  80  78  6
41  75  78  6
41  20  78  6
38  26  78  5
26  38  78  5
55  96  78  7
96  55  78  7
61  42  78  7
42  61  78  7
30  60  78  7
60  30  78  7
83  29  78  8
29  83  78  8
69  95  78  8
95  69  78  8
70  88  78  5
70  11  78  5
14  79  78  5
79  14  78  5
59  18  78  7
18  59  78  7
63  71  78  9
71  63  78  9
84  52  78  9
52  84  78  9
73  32  78  5
32  73  78  5
77  57  78  5
57  77  78  5
76  23  78  6
76  2  78  6
53  58  78  5
58  53  78  5
4  8  79  4
4  50  79  4
4  74  79  4
1  46  79  7
46  1  79  7
66  45  79  5
45  66  79  5
54  87  79  7
87  54  79  7
80  75  79  10
75  80  79  10
43  12  79  11
12  43  79  11
96  90  79  7
90  96  79  7
83  16  79  6
16  83  79  6
0  31  79  8
31  0  79  8
64  22  79  9
22  64  79  9
88  11  79  7
11  88  79  7
91  18  79  7
18  91  79  7
71  92  79  6
92  71  79  6
97  36  79  12
36  97  79  12
51  53  79  5
53  51  79  5
5  49  79  6
5  99  79  6
3  33  79  9
33  3  79  9
27  40  79  6
40  27  79  6
94  44  79  6
44  94  79  6
81  93  79  8
93  81  79  8
55  61  79  6
61  55  79  6
65  60  79  6
60  65  79  6
72  39  79  10
39  72  79  10
68  85  79  9
85  68  79  9
37  62  79  8
62  37  79  8
59  63  79  5
63  59  79  5
84  28  79  8
28  84  79  8
76  48  79  6
76  7  79  6
45  9  80  5
45  1  80  5
43  87  80  5
43  75  80  5
90  83  80  5
83  90  80  5
64  19  80  6
64  0  80  6
91  71  80  6
71  91  80  6
36  51  80  4
51  36  80  4
82  94  80  6
94  82  80  6
93  41  80  7
41  93  80  7
72  85  80  6
72  62  80  6
48  7  80  12
7  48  80  12
74  8  80  6
74  50  80  6
46  66  80  5
66  46  80  5
56  6  80  9
6  56  80  9
80  20  80  9
20  80  80  9
30  16  80  6
16  30  80  6
18  92  80  6
92  18  80  6
23  2  80  13
2  23  80  13
10  25  80  8
25  10  80  8
49  99  80  8
99  49  80  8
15  67  80  8
67  15  80  8
40  44  80  5
44  40  80  5
81  26  80  5
26  81  80  5
98  34  80  8
34  98  80  8
68  37  80  7
68  69  80  7
59  14  80  5
59  21  80  5
73  57  80  6
57  73  80  6
76  58  80  5
58  76  80  5
45  87  81  4
45  75  81  4
45  83  81  4
19  0  81  9
0  19  81  9
89  27  81  7
27  89  81  7
41  61  81  5
41  60  81  5
41  29  81  5
63  72  81  5
63  70  81  5
74  66  81  5
66  74  81  5
6  20  81  8
20  6  81  8
22  95  81  8
95  22  81  8
58  84  81  5
58  57  81  5
43  90  81  5
90  43  81  5
64  11  81  6
11  64  81  6
86  78  81  8
78  86  81  8
85  62  81  8
62  85  81  8
8  50  81  8
50  8  81  8
56  80  81  8
80  56  81  8
96  42  81  8
42  96  81  8
52  24  81  8
24  52  81  8
2  25  81  7
25  2  81  7
13  15  81  7
13  47  81  7
98  65  81  6
65  98  81  6
37  69  81  9
69  37  81  9
36  19  82  5
36  71  82  5
41  27  82  5
41  82  82  5
72  70  82  7
70  72  82  7
31  22  82  8
22  31  82  8
32  77  82  8
77  32  82  8
49  67  82  7
67  49  82  7
9  1  82  9
1  9  82  9
11  51  82  5
51  11  82  5
62  94  82  4
62  78  82  4
62  93  82  4
50  46  82  6
46  50  82  6
35  12  82  9
12  35  82  9
97  52  82  8
52  97  82  8
13  65  82  5
65  13  82  5
39  69  82  8
69  39  82  8
45  0  82  4
0  45  82  4
61  60  82  7
61  29  82  7
20  16  82  6
16  20  82  6
95  88  82  7
88  95  82  7
23  10  82  8
23  17  82  8
84  57  82  7
57  84  82  7
85  7  82  5
7  85  82  5
96  30  82  7
30  96  82  7
25  53  82  7
53  25  82  7
15  47  82  9
47  15  82  9
81  98  82  6
98  81  82  6
19  71  83  7
71  19  83  7
28  48  83  7
48  28  83  7
74  6  83  6
6  74  83  6
34  55  83  9
55  34  83  9
1  11  83  5
11  1  83  5
78  93  83  9
93  78  83  9
35  42  83  7
42  35  83  7
14  21  83  9
21  14  83  9
45  60  83  4
45  29  83  4
66  16  83  6
16  66  83  6
24  25  83  7
25  24  83  7
47  44  83  7
44  47  83  7
73  76  83  7
76  73  83  7
87  75  83  9
75  87  83  9
70  27  83  5
70  82  83  5
79  18  83  8
18  79  83  8
62  4  83  4
62  9  83  4
62  90  83  4
62  51  83  4
38  12  83  9
12  38  83  9
65  39  83  5
39  65  83  5
5  33  83  9
33  5  83  9
10  17  83  10
17  10  83  10
86  7  83  5
7  86  83  5
80  96  83  7
96  80  83  7
92  53  83  6
53  92  83  6
15  99  83  8
15  3  83  8
1  94  84  5
1  78  84  5
46  35  84  7
35  46  84  7
44  81  84  7
81  44  84  7
37  76  84  7
76  37  84  7
27  82  84  9
82  27  84  9
77  22  84  7
77  18  84  7
12  65  84  5
65  12  84  5
10  33  84  4
10  61  84  4
43  64  84  6
43  91  84  6
8  80  84  7
80  8  84  7
19  28  84  5
28  19  84  5
31  32  84  7
32  31  84  7
42  97  84  6
97  42  84  6
13  14  84  6
14  13  84  6
60  29  84  10
29  60  84  10
88  23  84  7
23  88  84  7
47  73  84  6
73  47  84  6
87  83  84  8
83  87  84  8
4  9  84  8
9  4  84  8
54  56  84  10
56  54  84  10
52  2  84  8
2  52  84  8
5  89  84  8
89  5  84  8
20  95  84  6
20  17  84  6
68  59  84  8
59  68  84  8
98  99  84  7
98  3  84  7
41  72  85  7
41  48  85  7
44  37  85  7
37  44  85  7
27  22  85  5
27  18  85  5
62  65  85  5
65  62  85  5
33  61  85  8
61  33  85  8
26  55  85  9
55  26  85  9
11  93  85  6
93  11  85  6
29  16  85  5
29  88  85  5
85  47  85  5
47  85  85  5
56  38  85  10
38  56  85  10
95  17  85  8
17  95  85  8
99  3  85  11
3  99  85  11
34  58  85  7
58  34  85  7
46  69  85  6
46  21  85  6
30  25  85  7
25  30  85  7
10  43  85  4
10  86  85  4
10  8  85  4
23  84  85  6
84  23  85  6
83  70  85  6
70  83  85  6
9  90  85  8
90  9  85  8
59  57  85  8
57  59  85  8
37  45  86  5
37  66  86  5
64  91  86  10
91  64  86  10
49  55  86  9
55  49  86  9
97  13  86  7
13  97  86  7
46  94  86  6
46  78  86  6
75  82  86  7
82  75  86  7
84  24  86  5
84  73  86  5
83  9  86  5
83  51  86  5
96  53  86  8
53  96  86  8
72  48  86  9
48  72  86  9
27  62  86  5
62  27  86  5
11  31  86  5
11  26  86  5
47  16  86  5
47  88  86  5
87  36  86  8
36  87  86  8
4  50  86  6
4  56  86  6
4  52  86  6
17  68  86  7
68  17  86  7
7  99  86  6
99  7  86  6
6  34  86  7
34  6  86  7
77  67  86  7
77  40  86  7
43  86  86  7
86  43  86  7
74  32  86  8
32  74  86  8
42  14  86  7
14  42  86  7
5  57  86  6
57  5  86  6
64  80  87  7
64  92  87  7
64  15  87  7
93  13  87  7
13  93  87  7
46  75  87  4
46  12  87  4
46  10  87  4
24  73  87  8
73  24  87  8
20  59  87  8
59  20  87  8
48  27  87  4
48  33  87  4
31  26  87  8
26  31  87  8
50  56  87  10
56  50  87  10
42  28  87  6
42  74  87  6
60  23  87  7
23  60  87  7
45  66  87  7
66  45  87  7
22  18  87  11
18  22  87  11
61  91  87  6
91  61  87  6
49  97  87  6
97  49  87  6
29  85  87  6
85  29  87  6
95  0  87  7
95  89  87  7
95  63  87  7
94  78  87  10
78  94  87  10
81  76  87  9
76  81  87  9
83  96  87  5
96  83  87  5
1  35  87  7
35  1  87  7
16  88  87  9
88  16  87  9
87  4  87  6
4  87  87  6
69  21  87  11
21  69  87  11
32  14  87  6
14  32  87  6
54  2  87  9
2  54  87  9
71  41  88  9
41  71  88  9
9  51  88  10
51  9  88  10
53  98  88  9
98  53  88  9
27  33  88  6
33  27  88  6
36  56  88  7
56  36  88  7
42  23  88  6
23  42  88  6
66  22  88  5
66  61  88  5
89  63  88  10
63  89  88  10
58  78  88  7
78  58  88  7
1  44  88  6
44  1  88  6
67  40  88  12
40  67  88  12
54  39  88  9
39  54  88  9
15  80  88  9
15  92  88  9
10  75  88  6
10  12  88  6
26  47  88  6
47  26  88  6
50  52  88  10
52  50  88  10
77  86  88  6
86  77  88  6
45  18  88  5
45  65  88  5
45  91  88  5
38  95  88  6
95  38  88  6
94  81  88  6
81  94  88  6
84  83  88  5
83  84  88  5
43  8  88  8
8  43  88  8
90  2  88  8
2  90  88  8
9  98  89  7
98  9  89  7
31  36  89  6
36  31  89  6
66  0  89  5
66  89  89  5
6  21  89  8
21  6  89  8
15  10  89  4
10  15  89  4
77  48  89  4
77  47  89  4
77  50  89  4
18  65  89  8
65  18  89  8
72  35  89  8
35  72  89  8
8  70  89  5
8  79  89  5
8  90  89  5
59  53  89  8
53  59  89  8
22  61  89  7
61  22  89  7
97  85  89  7
85  97  89  7
63  3  89  8
3  63  89  8
16  87  89  6
16  68  89  6
16  7  89  6
14  54  89  6
54  14  89  6
19  55  89  9
55  19  89  9
75  12  89  8
12  75  89  8
26  52  89  6
26  17  89  6
26  99  89  6
60  28  89  7
60  74  89  7
38  49  89  6
38  29  89  6
94  83  89  5
83  94  89  5
69  43  89  6
43  69  89  6
32  2  89  6
32  5  89  6
71  37  90  8
37  71  90  8
23  33  90  5
23  31  90  5
0  89  90  11
89  0  90  11
21  67  90  7
67  21  90  7
41  53  90  5
53  41  90  5
22  97  90  6
22  63  90  6
68  7  90  9
7  68  90  9
19  13  90  9
13  19  90  9
26  86  90  5
26  60  90  5
6  39  90  6
39  6  90  6
47  50  90  7
50  47  90  7
35  62  90  7
62  35  90  7
90  70  90  9
90  79  90  9
51  59  90  8
59  51  90  8
34  25  90  8
25  34  90  8
61  85  90  6
61  3  90  6
55  75  90  5
55  73  90  5
55  20  90  5
17  99  90  9
99  17  90  9
49  29  90  8
29  49  90  8
43  2  90  6
43  5  90  6
71  64  91  8
64  71  91  8
0  21  91  5
21  0  91  5
65  91  91  9
91  65  91  9
22  87  91  5
22  68  91  5
22  54  91  5
38  94  91  6
94  38  91  6
9  36  91  5
36  9  91  5
58  30  91  9
58  76  91  9
18  95  91  7
95  18  91  7
35  11  91  7
35  88  91  7
35  4  91  7
25  42  91  7
25  57  91  7
85  3  91  8
3  85  91  8
1  16  91  7
16  1  91  7
40  14  91  7
14  40  91  7
75  73  91  7
75  20  91  7
45  49  91  7
49  45  91  7
2  5  91  9
5  2  91  9
33  31  91  7
31  33  91  7
89  67  91  5
67  89  91  5
10  77  91  5
77  10  91  5
72  8  91  6
8  72  91  6
53  27  91  5
53  56  91  5
7  97  91  5
7  63  91  5
7  78  91  5
7  82  91  5
19  12  91  6
12  19  91  6
81  84  91  7
84  81  91  7
62  90  91  6
90  62  91  6
61  46  91  4
61  59  91  4
61  34  91  4
52  17  91  9
17  52  91  9
29  43  91  5
43  29  91  5
65  71  92  4
65  93  92  4
65  23  92  4
65  21  92  4
41  22  92  5
22  41  92  5
80  92  92  14
92  80  92  14
86  60  92  8
60  86  92  8
66  58  92  7
66  96  92  7
3  16  92  6
3  14  92  6
73  20  92  9
20  73  92  9
10  8  92  5
8  10  92  5
97  63  92  9
63  97  92  9
47  81  92  5
47  62  92  5
28  74  92  12
74  28  92  12
64  98  92  7
98  64  92  7
38  87  92  4
38  68  92  4
38  54  92  4
15  48  92  6
15  50  92  6
70  79  92  12
79  70  92  12
1  40  92  7
40  1  92  7
49  83  92  7
83  49  92  7
37  31  92  6
31  37  92  6
19  53  92  4
19  7  92  4
84  90  92  6
90  84  92  6
71  93  93  9
93  71  93  9
80  86  93  7
86  80  93  7
58  96  93  9
96  58  93  9
16  14  93  8
14  16  93  8
73  45  93  6
73  5  93  6
33  89  93  6
89  33  93  6
12  26  93  7
26  12  93  7
69  32  93  9
32  69  93  9
87  68  93  11
68  87  93  11
48  50  93  9
50  48  93  9
4  11  93  10
4  88  93  10
83  2  93  7
2  83  93  7
37  77  93  5
37  72  93  5
44  6  93  8
6  44  93  8
17  29  93  6
29  17  93  6
92  13  93  9
13  92  93  9
95  35  93  7
35  95  93  7
3  42  93  6
3  57  93  6
63  27  93  6
63  56  93  6
43  55  93  6
43  52  93  6
43  28  93  6
98  0  93  6
0  98  93  6
30  76  93  14
76  30  93  14
15  18  93  6
15  70  93  6
25  24  93  7
25  51  93  7
19  31  93  4
19  67  93  4
93  23  94  8
23  93  94  8
45  5  94  8
5  45  94  8
87  54  94  9
54  87  94  9
53  7  94  7
7  53  94  7
6  90  94  6
90  6  94  6
35  3  94  5
3  35  94  5
27  56  94  10
56  27  94  10
49  75  94  7
49  99  94  7
41  80  94  6
80  41  94  6
14  73  94  6
73  14  94  6
26  32  94  7
32  26  94  7
48  11  94  7
48  88  94  7
37  44  94  4
37  61  94  4
37  17  94  4
92  94  94  7
94  92  94  7
42  57  94  11
57  42  94  11
8  63  94  5
63  8  94  5
0  91  94  6
91  0  94  6
24  51  94  11
51  24  94  11
19  84  94  4
84  19  94  4
23  21  95  8
21  23  95  8
64  87  95  6
87  64  95  6
85  1  95  9
1  85  95  9
35  27  95  4
27  35  95  4
75  99  95  9
99  75  95  9
71  80  95  6
80  71  95  6
26  33  95  6
26  10  95  6
63  55  95  5
63  52  95  5
63  28  95  5
18  70  95  9
70  18  95  9
16  5  95  7
5  16  95  7
89  12  95  6
89  69  95  6
47  74  95  6
74  47  95  6
4  79  95  10
79  4  95  10
13  60  95  9
60  13  95  9
34  46  95  9
34  59  95  9
25  40  95  8
40  25  95  8
41  58  95  5
41  14  95  5
68  48  95  5
68  83  95  5
42  20  95  7
20  42  95  7
8  81  95  5
8  62  95  5
91  38  95  6
38  91  95  6
36  30  95  8
36  39  95  8
87  1  96  6
1  87  96  6
61  17  96  8
17  61  96  8
52  28  96  11
28  52  96  11
18  24  96  7
24  18  96  7
50  4  96  9
4  50  96  9
77  72  96  9
72  77  96  9
90  29  96  7
29  90  96  7
34  43  96  8
43  34  96  8
25  49  96  8
49  25  96  8
58  14  96  7
14  58  96  7
19  91  96  5
19  36  96  5
19  51  96  5
96  45  96  7
45  96  96  7
85  2  96  8
2  85  96  8
31  67  96  9
67  31  96  9
71  73  96  6
73  71  96  6
11  88  96  14
88  11  96  14
65  94  96  7
94  65  96  7
16  93  96  6
16  86  96  6
89  47  96  6
47  89  96  6
46  59  96  12
59  46  96  12
37  48  96  5
37  83  96  5
92  9  96  6
92  66  96  6
92  95  96  6
92  20  96  6
38  30  96  6
38  39  96  6
84  0  97  6
84  18  97  6
54  50  97  7
50  54  97  7
43  22  97  6
43  13  97  6
76  15  97  9
15  76  97  9
73  11  97  5
11  73  97  5
65  63  97  6
63  65  97  6
16  47  97  6
47  16  97  6
41  32  97  6
32  41  97  6
92  8  97  6
8  92  97  6
23  1  97  5
1  23  97  5
27  99  97  5
99  27  97  5
12  69  97  10
69  12  97  10
77  29  97  7
29  77  97  7
34  98  97  5
34  25  97  5
42  81  97  6
42  62  97  6
91  36  97  7
91  51  97  7
78  82  97  14
82  78  97  14
64  2  97  7
2  64  97  7
35  31  97  5
31  35  97  5
33  10  97  9
10  33  97  9
93  86  97  8
86  93  97  8
60  3  97  7
3  60  97  7
9  66  97  10
66  9  97  10
44  17  98  9
17  44  98  9
0  18  98  8
18  0  98  8
43  15  98  6
15  43  98  6
85  21  98  6
85  45  98  6
75  67  98  7
67  75  98  7
73  63  98  5
63  73  98  5
32  8  98  5
8  32  98  5
23  99  98  5
99  23  98  5
52  24  98  6
24  52  98  6
5  69  98  7
69  5  98  7
4  29  98  7
29  4  98  7
42  36  98  6
42  51  98  6
64  97  98  6
64  78  98  6
93  89  98  7
89  93  98  7
84  55  98  6
84  28  98  6
90  72  98  8
90  7  98  8
58  68  98  6
68  58  98  6
65  70  98  6
70  65  98  6
40  56  98  6
40  46  98  6
1  27  98  5
27  1  98  5
12  74  98  8
74  12  98  8
81  62  98  12
62  81  98  12
3  59  98  7
59  3  98  7
66  95  98  10
95  66  98  10
30  39  98  12
39  30  98  12
80  26  99  8
26  80  99  8
50  15  99  6
15  50  99  6
85  67  99  6
67  85  99  6
8  47  99  5
8  79  99  5
23  61  99  5
23  24  99  5
69  29  99  7
29  69  99  7
36  51  99  10
51  36  99  10
54  90  99  8
90  54  99  8
22  13  99  11
13  22  99  11
92  38  99  7
38  92  99  7
74  62  99  5
62  74  99  5
94  57  99  9
57  94  99  9
66  30  99  7
30  66  99  7
43  44  99  4
43  18  99  4
21  45  99  9
45  21  99  9
89  60  99  6
60  89  99  6
9  20  99  10
20  9  99  10
76  49  99  10
49  76  99  10
58  19  99  6
19  58  99  6
34  12  99  6
34  77  99  6
96  82  99  8
82  96  99  8
10  88  99  7
88  10  99  7
86  59  99  6
59  86  99  6
95  39  99  7
39  95  99  7
80  17  100  8
17  80  100  8
47  79  100  8
79  47  100  8
90  22  100  7
22  90  100  7
40  38  100  6
38  40  100  6
57  3  100  5
57  66  100  5
43  45  100  4
45  43  100  4
5  4  100  8
4  5  100  8
72  7  100  11
7  72  100  11
56  46  100  10
46  56  100  10
96  35  100  7
35  96  100  7
67  63  100  6
63  67  100  6
29  98  100  7
29  25  100  7
97  78  100  15
78  97  100  15
71  33  100  9
33  71  100  9
54  13  100  7
13  54  100  7
11  65  100  7
65  11  100  7
1  74  100  5
74  1  100  5
48  83  100  11
83  48  100  11
21  75  100  7
75  21  100  7
60  9  100  6
9  60  100  6
49  19  100  6
19  49  100  6
41  37  100  8
37  41  100  8
2  53  100  9
2  6  100  9
80  85  101  5
80  47  101  5
85  47  101  6
47  85  101  6
22  40  101  5
40  22  101  5
57  22  101  4
57  40  101  4
45  99  101  4
45  52  101  4
45  5  101  4
45  42  101  4
99  52  101  7
52  99  101  7
5  42  101  7
42  5  101  7
72  76  101  8
76  72  101  8
46  72  101  5
46  76  101  5
34  35  101  5
34  88  101  5
34  59  101  5
34  95  101  5
35  88  101  7
88  35  101  7
59  95  101  7
95  59  101  7
87  26  101  7
87  0  101  7
26  0  101  8
0  26  101  8
15  87  101  6
15  26  101  6
15  0  101  6
67  8  101  6
8  67  101  6
61  24  101  8
24  61  101  8
29  36  101  7
36  29  101  7
78  31  101  8
31  78  101  8
71  78  101  7
71  31  101  7
84  54  101  6
84  68  101  6
54  68  101  7
68  54  101  7
11  92  101  6
92  11  101  6
1  94  101  5
1  48  101  5
1  30  101  5
94  48  101  6
94  30  101  6
48  30  101  8
30  48  101  8
44  18  101  8
18  44  101  8
21  32  101  6
32  21  101  6
64  60  101  6
60  64  101  6
19  70  101  5
19  41  101  5
70  41  101  6
41  70  101  6
82  53  101  9
82  6  101  9
53  6  101  11
6  53  101  11
10  82  101  7
10  53  101  7
10  6  101  7
17  50  101  6
50  17  101  6
79  17  101  5
79  50  101  5
23  69  101  6
23  51  101  6
69  51  101  7
51  69  101  7
90  38  101  5
38  90  101  5
62  3  101  5
62  66  101  5
3  66  101  7
66  3  101  7
43  4  101  4
43  89  101  4
43  20  101  4
4  89  101  5
4  20  101  5
89  20  101  7
20  89  101  7
55  28  101  15
28  55  101  15
7  58  101  7
58  7  101  7
16  56  101  8
56  16  101  8
96  55  101  4
96  28  101  4
96  7  101  4
96  58  101  4
96  16  101  4
96  56  101  4
63  98  101  4
63  25  101  4
63  97  101  4
63  33  101  4
63  93  101  4
98  25  101  11
25  98  101  11
97  33  101  7
33  97  101  7
93  97  101  6
93  33  101  6
13  65  101  5
65  13  101  5
74  83  101  5
83  74  101  5
75  73  101  7
73  75  101  7
9  75  101  4
9  73  101  4
49  37  101  5
37  49  101  5
27  12  101  6
27  77  101  6
27  14  101  6
27  81  101  6
27  91  101  6
12  77  101  9
77  12  101  9
14  81  101  8
14  91  101  8
81  91  101  9
91  81  101  9
2  86  101  6
2  39  101  6
86  39  101  7
39  86  101  7
    